// Jest Snapshot v1, https://goo.gl/fbAQLP

exports[`Button matches snapshot 1`] = `
<DocumentFragment>
  <button
    class="storybook-button storybook-button--medium storybook-button--secondary"
    type="button"
  >
    My Button
  </button>
</DocumentFragment>
`;
