// Jest Snapshot v1, https://goo.gl/fbAQLP

exports[`Button matches snapshot 1`] = `
<DocumentFragment>
  <button
    class="text-white rounded-md bg-blue-400 text-xl px-4 py-1.5 undefined"
    type="button"
  >
    Button
  </button>
</DocumentFragment>
`;
